I'm sorry, but errors were detected in your script. Please correct the
errors listed below, and try again.


File "game/CardGames/py.rpy", line 203: invalid syntax
        target = f"hand{side}"
                              ^
    

Ren'Py Version: Ren'Py 7.4.11.2266
Tue Sep 30 15:15:44 2025
